mode: set
awesomeProject/tests/word.go:7.34,9.22 2 1
awesomeProject/tests/word.go:9.22,10.26 1 1
awesomeProject/tests/word.go:10.26,12.4 1 1
awesomeProject/tests/word.go:14.2,14.25 1 1
awesomeProject/tests/word.go:14.25,15.46 1 1
awesomeProject/tests/word.go:15.46,17.4 1 1
awesomeProject/tests/word.go:19.2,19.13 1 1
